<!DOCTYPE html>
<html lang="en">
<head>
  <meta charset="utf-8">
  <title>partial page</title>
</head>
<body>
  <div class="content">
    <ul>
        <li>
          <a href="index.html">main</a>
        </li>
        <li>
          <a href="inner.html">inner</a>
        </li>
    </ul>
  </div>
</body>
</html>
